[2022-05-23T02:12:01.762Z] 定期的に実行
[2022-05-23T02:12:21.751Z] Obtained pipeline_script/utils/backup_jenkins_configurations.groovy from git https://git-1.cocone.jp/projectp3/p3-tools
[2022-05-23T02:12:21.752Z] Running in Durability level: MAX_SURVIVABILITY
[2022-05-23T02:12:23.378Z] [8mha:////4KMIoPpwa9sqFTq42EQVBR294OIQWarrBsGrNE9xKOf2AAAAoh+LCAAAAAAAAP9tjTEOwjAQBM8BClpKHuFItIiK1krDC0x8GCfWnbEdkooX8TX+gCESFVvtrLSa5wtWKcKBo5UdUu8otU4GP9jS5Mixv3geZcdn2TIl9igbHBs2eJyx4YwwR1SwULBGaj0nRzbDRnX6rmuvydanHMu2V1A5c4MHCFXMWcf8hSnC9jqYxPTz/BXAFEIGsfuclm8zQVqFvQAAAA==[0m[Pipeline] Start of Pipeline
[2022-05-23T02:12:23.695Z] [8mha:////4FnV1wKzJzbE5eiW3vtJTiY2f3yh3IW3VcMqO16BkGUKAAAApR+LCAAAAAAAAP9tjTEOwjAUQ3+KOrAycohUghExsUZZOEFIQkgb/d8mKe3EibgadyBQiQlLlmxL1nu+oE4RjhQdby12HpP2vA+jK4lPFLtroIm3dOGaMFGwXNpJkrGnpUrKFhaxClYC1hZ1oOTRZdiIVt1VExS65pxj2Q4CKm8GeAAThZxVzN8yR9jeRpMIf5y/AJj7DGxXvP/86jduZBmjwAAAAA==[0m[Pipeline] node
[2022-05-23T02:12:23.741Z] Running on [8mha:////4F7iT+VqWwlyNWgyOEIUcW9t4LozJQcAXEp3F2vSXMLTAAAAoR+LCAAAAAAAAP9b85aBtbiIQTGjNKU4P08vOT+vOD8nVc83PyU1x6OyILUoJzMv2y+/JJUBAhiZGBgqihhk0NSjKDWzXb3RdlLBUSYGJk8GtpzUvPSSDB8G5tKinBIGIZ+sxLJE/ZzEvHT94JKizLx0a6BxUmjGOUNodHsLgAz2EgZR/eT83ILSktQifY2k0sycEt3MPE19AHHxbH3KAAAA[0mJenkins in /Users/p3_dev/.jenkins/workspace/push_git_jenkins_backup
[2022-05-23T02:12:23.790Z] [8mha:////4HOTXN9Zqq6YtU8Xf00ogNUH01uCT4WfFLxOFYF0AIJpAAAApR+LCAAAAAAAAP9tjTEOwjAUQ3+KOrAycoh0gA0xsUZZOEFIQkgb/d8mKe3EibgadyBQiQlLlmxL1nu+oE4RjhQdby12HpP2vA+jK4lPFLtroIm3dOGaMFGwXNpJkrGnpUrKFhaxClYC1hZ1oOTRZdiIVt1VExS65pxj2Q4CKm8GeAAThZxVzN8yR9jeRpMIf5y/AJj7DGxXvP/86jfoP95RwAAAAA==[0m[Pipeline] {
[2022-05-23T02:12:23.884Z] [8mha:////4EvDMKRrIcxQ2ernxv9jvyTZb9OhRErwIGj6VXJU/saLAAAApR+LCAAAAAAAAP9tjTEOwjAUQ3+KOrAycoh0gQkxsUZZOEFIQkgb/d8mKe3EibgadyBQiQlLlmxL1nu+oE4RjhQdby12HpP2vA+jK4lPFLtroIm3dOGaMFGwXNpJkrGnpUrKFhaxClYC1hZ1oOTRZdiIVt1VExS65pxj2Q4CKm8GeAAThZxVzN8yR9jeRpMIf5y/AJj7DGxXvP/86jc09154wAAAAA==[0m[Pipeline] stage
[2022-05-23T02:12:23.907Z] [8mha:////4B33koANQuMIUmMUK9xzj5SiyB7Rh+K4hFAMBvvbzdLPAAAApR+LCAAAAAAAAP9tjTEOwjAUQ3+KOrAycoh0ggUxsUZZOEFIQkgb/d8mKe3EibgadyBQiQlLlmxL1nu+oE4RjhQdby12HpP2vA+jK4lPFLtroIm3dOGaMFGwXNpJkrGnpUrKFhaxClYC1hZ1oOTRZdiIVt1VExS65pxj2Q4CKm8GeAAThZxVzN8yR9jeRpMIf5y/AJj7DGxXvP/86jek7ggRwAAAAA==[0m[Pipeline] { (Declarative: Checkout SCM)
[2022-05-23T02:12:24.013Z] [8mha:////4HK6/oUpKnF/7AUBoNi1mpUML6DSgI0ZgXaQh0duBwY3AAAAoh+LCAAAAAAAAP9tjTEOAiEURD9rLGwtPQTbaWGsbAmNJ0AWEZb8zwLrbuWJvJp3kLiJlZNMMm+a93rDOic4UbLcG+wdZu14DKOti0+U+lugiXu6ck2YKRguzSSpM+cFJRUDS1gDKwEbgzpQdmgLbIVXD9UGhba9lFS/o4DGdQM8gYlqLiqVL8wJdvexy4Q/z18BzLEA29ce4gfg7KmOvAAAAA==[0m[Pipeline] checkout
[2022-05-23T02:12:24.036Z] The recommended git tool is: git
[2022-05-23T02:12:24.036Z] using credential jenkins_gitlab
[2022-05-23T02:12:24.063Z]  > git rev-parse --resolve-git-dir /Users/p3_dev/.jenkins/workspace/push_git_jenkins_backup/.git # timeout=10
[2022-05-23T02:12:24.108Z] Fetching changes from the remote Git repository
[2022-05-23T02:12:24.109Z]  > git config remote.origin.url https://git-1.cocone.jp/projectp3/p3-tools # timeout=10
[2022-05-23T02:12:24.137Z] Fetching upstream changes from https://git-1.cocone.jp/projectp3/p3-tools
[2022-05-23T02:12:24.137Z]  > git --version # timeout=10
[2022-05-23T02:12:24.156Z]  > git --version # 'git version 2.30.1 (Apple Git-130)'
[2022-05-23T02:12:24.156Z] using GIT_ASKPASS to set credentials JenkinsからGitLabへのアクセス用アカウント
[2022-05-23T02:12:24.161Z]  > git fetch --tags --force --progress -- https://git-1.cocone.jp/projectp3/p3-tools +refs/heads/*:refs/remotes/origin/* # timeout=10
[2022-05-23T02:12:25.170Z]  > git rev-parse refs/remotes/origin/master^{commit} # timeout=10
[2022-05-23T02:12:25.192Z] Checking out Revision c957426fa75ac49f9fd620ce8e27eee6f76d7bc7 (refs/remotes/origin/master)
[2022-05-23T02:12:25.192Z]  > git config core.sparsecheckout # timeout=10
[2022-05-23T02:12:25.206Z]  > git checkout -f c957426fa75ac49f9fd620ce8e27eee6f76d7bc7 # timeout=10
[2022-05-23T02:12:25.264Z] Commit message: "Merge branch 'feature/force_test_login' into 'master'"
[2022-05-23T02:12:25.266Z]  > git rev-list --no-walk 16ac5ce963e6984700d408328e4b8da0609b2549 # timeout=10
[2022-05-23T02:12:26.969Z] [8mha:////4MVFna0y9Im/TvViCkZuZbioQO3w5NXcCa+F9sl9BpG9AAAAoh+LCAAAAAAAAP9tjTEOAiEURD9rLGwtPQTbGRNjZUtoPAGyiLDkfxZYdytP5NW8g8RNrJxkknnTvNcb1jnBiZLl3mDvMGvHYxhtXXyi1N8CTdzTlWvCTMFwaSZJnTkvKKkYWMIaWAnYGNSBskNbYCu8eqg2KLTtpaT6HQU0rhvgCUxUc1GpfGFOsLuPXSb8ef4KYI6xADvU7j9Dg2gqvAAAAA==[0m[Pipeline] }
[2022-05-23T02:12:27.085Z] [8mha:////4GPtPtcZjwJPcdrxOw/zXuSmgB8AbcZ0f3D9VUBgO22DAAAAoh+LCAAAAAAAAP9tjTEOAiEURD9rLGwtPQRbWRhjZUtoPAGyiLDkfxZYdytP5NW8g8RNrJxkknnTvNcb1jnBiZLl3mDvMGvHYxhtXXyi1N8CTdzTlWvCTMFwaSZJnTkvKKkYWMIaWAnYGNSBskNbYCu8eqg2KLTtpaT6HQU0rhvgCUxUc1GpfGFOsLuPXSb8ef4KYI6xADvU7j9J+wGOvAAAAA==[0m[Pipeline] // stage
[2022-05-23T02:12:27.453Z] [8mha:////4P0ZnC9lNv+j+PkFwxNHyJcL58QrGZxLQ3q16tk9/zkCAAAAph+LCAAAAAAAAP9tjTEOwjAQBM9BKWgpeYQDEh2iorXc8AITG+PEugv2haTiRXyNPxCIRMVWOyut5vmCMic4UPKycdgGzHWQXez91ORAqb1EGmRDZ1kTZopOajdosu44oyZ2MEcUsFCwdFhHygE9w0o15m6qaNBXJ07TtldQBHuDBwg1mdkk/sKYYH3tbSb8ef4KYOwYxI6h2G4+x/INtuQqUcEAAAA=[0m[Pipeline] withEnv
[2022-05-23T02:12:27.482Z] [8mha:////4LiLXA2SBNyF0JY9MlcFy/tF5aYwbgtDprM0EeOTPSw8AAAApR+LCAAAAAAAAP9tjTEOwjAUQ3+DOrAycoiUzoiJNerCCUITQtLo/zZJSSdOxNW4Ay2VmPBg2Zas93pDGQOcKBjuNHYWY2t570czJ54pdDdPmTu68pYwkte80bkhpc9rbShpWFUw2AjYamw9RYsmwU44+ZCVl2iqSwrzdhTArBrgCYWYyUmG9C1TgP19VJHwx/kLgKlPwOrDYvXyLD8BobDcwgAAAA==[0m[Pipeline] {
[2022-05-23T02:12:27.723Z] [8mha:////4KgdtN3CIBC1UsmewXn1LWlwcKDuuVkmmGRYR4qZvCfHAAAAph+LCAAAAAAAAP9tjTEOwjAUQ3+LOrAycohUZUVMrFEWThCaEJJG/7dJSjpxIq7GHWipxIQHy7ZkvdcbqhjgRMEwp7GzGFvLej+aObFMobt5yszRlbWEkbxmQmdBSp/XKihpWFWUsOGw1dh6ihZNgh138iFrL9HUlxTm7cihtGqAJxR8JicZ0rdMAfb3UUXCH+cvAKY+Qdk0ix2WZ/UBbwyqm8IAAAA=[0m[Pipeline] stage
[2022-05-23T02:12:27.760Z] [8mha:////4ASwsmXRF2l1qO6w9lNWoQZ/mP/2yOO1FvoZEsNNN1/IAAAAph+LCAAAAAAAAP9tjTEOwjAUQ3+LOrAycohUwIiYukZZOEFoQkgb/V9+UtqJE3E17kBLJSY8WLYl673eUESGE7ETjcXWY6y96ELvpiQG4vYaaBANXURNGClYoeygyNhqqYqShUVZDisJa4t1oOjRJdjIRj90GTS68px42o4Scm/u8IRMTuSkOX3LyLC99SYS/jh/ATB2CfLdfrbD/Cw+y7kUycIAAAA=[0m[Pipeline] { (cleanup workspace)
[2022-05-23T02:12:28.282Z] [8mha:////4KxJxBngLJhDZQPetGJQblErjCCvtCVStfOUnBJqUaEmAAAApB+LCAAAAAAAAP9tjTEOwjAQBC9BFLSUPOIiBB2iSmu54QUmNsaJdWdsh6TiRXyNPxCIRMUWq51t5vmCZYpw5GixNdQ5So3D4Hs7LRw4dhfPA7Z8xoYpsTcozSBZm3pGydnAnKKEhYCVocZzcmQzrEWr7qryimx1ynH6DgJKp2/wgEJM5qxi/sIYYXPtdWL6ef4KYAwZyu3uU/vwBgq0rvS+AAAA[0m[Pipeline] cleanWs
[2022-05-23T02:12:28.422Z] [WS-CLEANUP] Deleting project workspace...
[2022-05-23T02:12:28.424Z] [WS-CLEANUP] Deferred wipeout is used...
[2022-05-23T02:12:28.485Z] [WS-CLEANUP] done
[2022-05-23T02:12:28.570Z] [8mha:////4K8NdBRiZtYosJ56MEbZKAisfEPixFaHaRkSL/VMo9rsAAAApB+LCAAAAAAAAP9tjTEOwjAQBC9BFLSUPOIihKgQVVrLDS8wsTFOrDtjOyQVL+Jr/IFAJCq2WO1sM88XLFOEI0eLraHOUWocBt/baeHAsbt4HrDlMzZMib1BaQbJ2tQzSs4G5hQlLASsDDWekyObYS1adVeVV2SrU47TdxBQOn2DBxRiMmcV8xfGCJtrrxPTz/NXAGMIGcrt/lO7N7BnLt++AAAA[0m[Pipeline] }
[2022-05-23T02:12:28.664Z] [8mha:////4GMzt/BDP+7i/MhCpuJl8T0z6L9XWwNTrJbPNc21BBKWAAAApB+LCAAAAAAAAP9tjTEOwjAQBC9BFLSUPOIiKGgQVVrLDS8wsTFOrDtjOyQVL+Jr/IFAJCq2WO1sM88XLFOEI0eLraHOUWocBt/baeHAsbt4HrDlMzZMib1BaQbJ2tQzSs4G5hQlLASsDDWekyObYS1adVeVV2SrU47TdxBQOn2DBxRiMmcV8xfGCJtrrxPTz/NXAGMIGcrt/lO7N4glvS6+AAAA[0m[Pipeline] // stage
[2022-05-23T02:12:28.889Z] [8mha:////4ONGALoIoOtcOjvKgjNsAMVj6WnZCtb7+u7b+5DyBC1/AAAApx+LCAAAAAAAAP9tjTEOwjAUQ3+LOrAycohUnRgQE2uUhROEJoSk0f9tkpJOnIircQdaKjHhwbItWe/1hioGOFEwzGnsLMbWst6PZk4sU+hunjJzdGUtYSSvmdBZkNLntQpKGlYVJWw4bDW2nqJFk2DHnXzI2ks09SWFeTtyKK0a4AkFn8lJhvQtU4D9fVSR8Mf5C4CpT1A2zWKH5Vl9ANydZ8vCAAAA[0m[Pipeline] stage
[2022-05-23T02:12:28.931Z] [8mha:////4JBg5EcOKIq5V+NSNQEo+hvgL92At+gwXMu44hpxvH10AAAApx+LCAAAAAAAAP9tjTEOwjAUQ3+LOrAycohUTCAhpq5RFk4QmhDSRv+Xn5R24kRcjTvQUokJD5ZtyXqvNxSR4UTsRGOx9RhrL7rQuymJgbi9BhpEQxdRE0YKVig7KDK2WqqiZGFRlsNKwtpiHSh6dAk2stEPXQaNrjwnnrajhNybOzwhkxM5aU7fMjJsb72JhD/OXwCMXYJ8t5/tMD+LD0rlhNLCAAAA[0m[Pipeline] { (ブランチ)
[2022-05-23T02:12:29.140Z] [8mha:////4EksSh2oTmoWkNfRNEVivnVlzO6YlTPiWiDg4V0POALbAAAApB+LCAAAAAAAAP9tjTEOwjAQBC9BFLSUPOIiOhCiSmu54QUmNsaJdWdsh6TiRXyNPxCIRMUWq51t5vmCZYpw5GixNdQ5So3D4Hs7LRw4dhfPA7Z8xoYpsTcozSBZm3pGydnAnKKEhYCVocZzcmQzrEWr7qryimx1ynH6DgJKp2/wgEJM5qxi/sIYYXPtdWL6ef4KYAwZyu3uU/vwBr2eB0O+AAAA[0m[Pipeline] git
[2022-05-23T02:12:29.305Z] The recommended git tool is: git
[2022-05-23T02:12:29.305Z] Warning: CredentialId "pokepia_buildmachine-1" could not be found.
[2022-05-23T02:12:29.305Z] Cloning the remote Git repository
[2022-05-23T02:12:29.306Z] Cloning repository https://git-1.cocone.jp/projectp3/p3-tools.git
[2022-05-23T02:12:29.307Z]  > git init /Users/p3_dev/.jenkins/workspace/push_git_jenkins_backup # timeout=10
[2022-05-23T02:12:29.756Z] Fetching upstream changes from https://git-1.cocone.jp/projectp3/p3-tools.git
[2022-05-23T02:12:29.757Z]  > git --version # timeout=10
[2022-05-23T02:12:29.768Z]  > git --version # 'git version 2.30.1 (Apple Git-130)'
[2022-05-23T02:12:29.768Z]  > git fetch --tags --force --progress -- https://git-1.cocone.jp/projectp3/p3-tools.git +refs/heads/*:refs/remotes/origin/* # timeout=10
[2022-05-23T02:12:52.760Z]  > git config remote.origin.url https://git-1.cocone.jp/projectp3/p3-tools.git # timeout=10
[2022-05-23T02:12:52.799Z]  > git config --add remote.origin.fetch +refs/heads/*:refs/remotes/origin/* # timeout=10
[2022-05-23T02:12:53.136Z] Avoid second fetch
[2022-05-23T02:12:53.136Z]  > git rev-parse refs/remotes/origin/master^{commit} # timeout=10
[2022-05-23T02:12:53.165Z] Checking out Revision c957426fa75ac49f9fd620ce8e27eee6f76d7bc7 (refs/remotes/origin/master)
[2022-05-23T02:12:53.165Z]  > git config core.sparsecheckout # timeout=10
[2022-05-23T02:12:53.180Z]  > git checkout -f c957426fa75ac49f9fd620ce8e27eee6f76d7bc7 # timeout=10
[2022-05-23T02:12:58.391Z]  > git branch -a -v --no-abbrev # timeout=10
[2022-05-23T02:12:58.430Z]  > git checkout -b master c957426fa75ac49f9fd620ce8e27eee6f76d7bc7 # timeout=10
[2022-05-23T02:12:58.813Z] Commit message: "Merge branch 'feature/force_test_login' into 'master'"
[2022-05-23T02:12:58.872Z] [8mha:////4MEmljz+tidiqDFph+ttwce2RRfy5bNwBdZZjDFYJM6iAAAApR+LCAAAAAAAAP9tjTEOwjAQBC9BFLSUPOICVEgoFa3lhheYxBgn1l2wHZyKF/E1/oBFJCq2WO1sM683LIOHmr3BTlNvKTQWBzeavDCx76+OE3Z8wYYpsNModZLc6tOMkqOGOUUJCwErTY3jYMlEWItOPVTlFJnqHH3+jgJK297hCYXI5qh8/MLkYXMb28D08/wVwDQMEcr9Ntfu8AEWNdkpvgAAAA==[0m[Pipeline] }
[2022-05-23T02:12:58.933Z] [8mha:////4PJrYsi/wsYaFwgMjYUdaP6E6mI3EB2XH8e2tRMVU27kAAAApR+LCAAAAAAAAP9tjTEOwjAQBC9BFLSUPOKi0FAgqrRWGl5gYmOcWHfGdkgqXsTX+AMWkajYYrWzzbzesI4BThwM9poGS7Gz6N1o8sKJw3B1PGHPF+yYIjuNrZ5aVrpZsOWkYUlRwkrARlPnOFoyCbailw9ZOUmmOqeQv6OA0qo7PKEQ2ZxkSF+YA+xuo4pMP89fAczeJyj3da768AEi+zpyvgAAAA==[0m[Pipeline] // stage
[2022-05-23T02:12:59.059Z] [8mha:////4HAb0+EbgitRCqbewj2OSZ+Vba6CTkIHkyf644IyRQpqAAAAph+LCAAAAAAAAP9tjTEOwjAUQ3+DOrAycohU7YqYWKMunCCkISSN/m+TlHbiRFyNOxCoxIQHy7ZkvecLyhjgSMFwp7G3GJXlg59MTnym0F89zdzRhSvCSF7zVs8tdfq01paShlUFg42ArUblKVo0CXbCybusvERTnVPI20EAs90IDyhEJicZ0rcsAfa3qYuEP85fACxDAlbX2Zrm8yzf8hZCqsIAAAA=[0m[Pipeline] stage
[2022-05-23T02:12:59.087Z] [8mha:////4OxM3uHjR2vgcTP59PRzkn4FLSjxwA+bDhSM3pgl84jPAAAAph+LCAAAAAAAAP9tjTEOwjAUQ3+LOrAycohUKiNiYo2ycILQhJA0+r9NUtKJE3E17kBLJSY8WLYl673eUMUAJwqGOY2dxdha1vvRzIllCt3NU2aOrqwljOQ1EzoLUvq8VkFJw6qihA2HrcbWU7RoEuy4kw9Ze4mmvqQwb0cOpVUDPKHgMznJkL5lCrC/jyoS/jh/ATD1CcqmWeywPKsPpnFij8IAAAA=[0m[Pipeline] { (バックアップディレクトリ走査)
[2022-05-23T02:12:59.312Z] [8mha:////4D1q9xAI0UViUNwmFHwNwcoZygB8MonzKIiFYiE9LQx0AAAApx+LCAAAAAAAAP9tjTEOwjAUQ3+LOrAycohUAjbE1DXKwglCE0La6P/yk9JOnIircQdaKjHhwbItWe/1hiIynIidaCy2HmPtRRd6NyUxELfXQINo6CJqwkjBCmUHRcZWS1WULCzKclhJWFusA0WPLsFGNvqhy6DRlefE03aUkHtzhydkciInzelbRobtrTeR8Mf5C4CxS5Dv9rMd5mfxAd6e6VPCAAAA[0m[Pipeline] script
[2022-05-23T02:12:59.458Z] [8mha:////4CJ6lodL41vmKSzcdBLeBM0jKFsGD5K6uqLpLRxc3PK+AAAApx+LCAAAAAAAAP9tjTEOwjAUQ3+LOrAycohUQjAhpq5RFk4QmhDSRv+Xn5R24kRcjTvQUokJD5ZtyXqvNxSR4UTsRGOx9RhrL7rQuymJgbi9BhpEQxdRE0YKVig7KDK2WqqiZGFRlsNKwtpiHSh6dAk2stEPXQaNrjwnnrajhNybOzwhkxM5aU7fMjJsb72JhD/OXwCMXYJ8t5/tMD+LD/hYjrHCAAAA[0m[Pipeline] {
[2022-05-23T02:12:59.852Z] [8mha:////4OaU3vZNtapMThgH01SjnPU5fhgavuWPYhyEae8SvpaFAAAApR+LCAAAAAAAAP9tjTEOwjAQBC9BFLSUPOIiIUGDqNJabniBiY1xYt0Z2yGpeBFf4w8EIlGxxWpnm3m+YJkiHDlabA11jlLjMPjeTgsHjt3F84Atn7FhSuwNSjNI1qaeUXI2MKcoYSFgZajxnBzZDGvRqruqvCJbnXKcvoOA0ukbPKAQkzmrmL8wRthce52Yfp6/AhhDhnK7+9Q+vAEIWoEpvgAAAA==[0m[Pipeline] sh
[2022-05-23T02:13:00.272Z] + find /Users/p3_dev/backup_jenkins -name 'FULL-*' -maxdepth 1 -type d -print
[2022-05-23T02:13:00.272Z] + sort
[2022-05-23T02:13:00.272Z] + tail -n 1
[2022-05-23T02:13:00.353Z] [8mha:////4EBUMCEPA+RsuQtKXIDgOM6rCkDAQASvIG8MSkfun/OhAAAApR+LCAAAAAAAAP9tjTEOwjAQBC9BFLSUPOIiISEKRJXWcsMLTGyME+vO2A5JxYv4Gn8gEImKLVY728zzBcsU4cjRYmuoc5Qah8H3dlo4cOwungds+YwNU2JvUJpBsjb1jJKzgTlFCQsBK0ON5+TIZliLVt1V5RXZ6pTj9B0ElE7f4AGFmMxZxfyFMcLm2uvE9PP8FcAYMpTb3af24Q1Ja5owvgAAAA==[0m[Pipeline] echo
[2022-05-23T02:13:00.417Z] ===================================================
[2022-05-23T02:13:00.484Z] [8mha:////4GwH/BQgF4xp5f61G1w99to0qN4kPCWzXvtGANqaYZcMAAAApR+LCAAAAAAAAP9tjTEOwjAQBC9BFLSUPOIiISEhIaq0lhteYGJjnFh3xnZIKl7E1/gDgUhUbLHa2WaeL1imCEeOFltDnaPUOAy+t9PCgWN38Txgy2dsmBJ7g9IMkrWpZ5ScDcwpSlgIWBlqPCdHNsNatOquKq/IVqccp+8goHT6Bg8oxGTOKuYvjBE2114npp/nrwDGkKHc7j61D2+GdwK3vgAAAA==[0m[Pipeline] echo
[2022-05-23T02:13:00.513Z] latest directory:/Users/p3_dev/backup_jenkins/FULL-2022-05-08_12-00
[2022-05-23T02:13:00.583Z] [8mha:////4PCqpYN0qHPAglTNWCLqwFce1ZjcUqMVw/0VXC8qbEm8AAAApR+LCAAAAAAAAP9tjTEOwjAQBC9BFLSUPOIiIVEgRJXWcsMLTGyME+vO2A5JxYv4Gn8gEImKLVY728zzBcsU4cjRYmuoc5Qah8H3dlo4cOwungds+YwNU2JvUJpBsjb1jJKzgTlFCQsBK0ON5+TIZliLVt1V5RXZ6pTj9B0ElE7f4AGFmMxZxfyFMcLm2uvE9PP8FcAYMpTb3af24Q3HRhmuvgAAAA==[0m[Pipeline] echo
[2022-05-23T02:13:00.612Z] workspace =/Users/p3_dev/.jenkins/workspace/push_git_jenkins_backup
[2022-05-23T02:13:00.679Z] [8mha:////4D1eBBeFKqL9GL28knwiGV5asnVOw1PlsbfFb6cHbmpcAAAApR+LCAAAAAAAAP9tjTEOwjAQBC9BFLSUPOKCQFQoFa3lhheYxBgn1l2wHZyKF/E1/oBFJCq2WO1sM683LIOHmr3BTlNvKTQWBzeavDCx76+OE3Z8wYYpsNModZLc6tOMkqOGOUUJCwErTY3jYMlEWItOPVTlFJnqHH3+jgJK297hCYXI5qh8/MLkYXMb28D08/wVwDREKHeHXPvt8AG5lxl+vgAAAA==[0m[Pipeline] echo
[2022-05-23T02:13:00.724Z] ===================================================
[2022-05-23T02:13:00.782Z] [8mha:////4P6Hut6DNkRyWz9LZl3lmG97Cx9zX0FsnvkQQs2S19LaAAAApR+LCAAAAAAAAP9tjTEOwjAQBC9BFLSUPOIiQFQoFa3lhheYxBgn1l2wHZyKF/E1/oBFJCq2WO1sM683LIOHmr3BTlNvKTQWBzeavDCx76+OE3Z8wYYpsNModZLc6tOMkqOGOUUJCwErTY3jYMlEWItOPVTlFJnqHH3+jgJK297hCYXI5qh8/MLkYXMb28D08/wVwDREKHeHXPvt8AH4pgJnvgAAAA==[0m[Pipeline] echo
[2022-05-23T02:13:00.811Z] workspace_backup_path =/Users/p3_dev/.jenkins/workspace/push_git_jenkins_backup/backup/buildmachine-1/
[2022-05-23T02:13:00.876Z] [8mha:////4Mvl86wLrdF5Hv/Bh23BslODqX8Zc+QzcEZTMMwOPLRKAAAApR+LCAAAAAAAAP9tjTEOwjAQBC9BFLSUPOIiBVEhqrRWGl5gYmOcWHfGdkgqXsTX+AMWkajYYrWzzbzesI4BThwM9poGS7Gz6N1o8sKJw3B1PGHPF+yYIjuNrZ5aVrpZsOWkYUlRwkrARlPnOFoyCbailw9ZOUmmOqeQv6OA0qo7PKEQ2ZxkSF+YA+xuo4pMP89fAcw+QVkfcu1r/wE79S9MvgAAAA==[0m[Pipeline] fileExists
[2022-05-23T02:13:01.009Z] [8mha:////4ETxVi8Vxyf67q+61Z+yNK/pmn+SBBtG+DTWyTMGFIlkAAAApR+LCAAAAAAAAP9tjTEOwjAQBC9BFLSUPMKRiKgQVVorDS8w8WGcWHfGdkgqXsTX+AMWkajYYrWzzbzesI4BThyM6JEGS7GzwrvR5CUmDsPV8SR6voiOKbJD0eLUssZmwZYTwpKihJWEDVLnOFoyCbayVw9VOUWmOqeQv6OE0uo7PKGQ2ZxUSF+YA+xuo45MP89fAcw+Qbk/5Kpr/wF6xDRVvgAAAA==[0m[Pipeline] sh
[2022-05-23T02:13:01.375Z] + rsync -au --delete /Users/p3_dev/backup_jenkins/FULL-2022-05-08_12-00/buildtriggerbadge.xml /Users/p3_dev/backup_jenkins/FULL-2022-05-08_12-00/com.chikli.hudson.plugin.naginator.NaginatorPublisher.xml /Users/p3_dev/backup_jenkins/FULL-2022-05-08_12-00/com.cloudbees.hudson.plugins.folder.config.AbstractFolderConfiguration.xml /Users/p3_dev/backup_jenkins/FULL-2022-05-08_12-00/com.dabsquared.gitlabjenkins.GitLabPushTrigger.xml /Users/p3_dev/backup_jenkins/FULL-2022-05-08_12-00/com.dabsquared.gitlabjenkins.connection.GitLabConnectionConfig.xml /Users/p3_dev/backup_jenkins/FULL-2022-05-08_12-00/com.sonyericsson.rebuild.RebuildDescriptor.xml /Users/p3_dev/backup_jenkins/FULL-2022-05-08_12-00/config.xml /Users/p3_dev/backup_jenkins/FULL-2022-05-08_12-00/credentials-configuration.xml /Users/p3_dev/backup_jenkins/FULL-2022-05-08_12-00/credentials.xml /Users/p3_dev/backup_jenkins/FULL-2022-05-08_12-00/github-plugin-configuration.xml /Users/p3_dev/backup_jenkins/FULL-2022-05-08_12-00/hudson.model.UpdateCenter.xml /Users/p3_dev/backup_jenkins/FULL-2022-05-08_12-00/hudson.plugins.build_timeout.operations.BuildStepOperation.xml /Users/p3_dev/backup_jenkins/FULL-2022-05-08_12-00/hudson.plugins.copyartifact.CopyArtifactConfiguration.xml /Users/p3_dev/backup_jenkins/FULL-2022-05-08_12-00/hudson.plugins.copyartifact.TriggeredBuildSelector.xml /Users/p3_dev/backup_jenkins/FULL-2022-05-08_12-00/hudson.plugins.emailext.ExtendedEmailPublisher.xml /Users/p3_dev/backup_jenkins/FULL-2022-05-08_12-00/hudson.plugins.git.GitSCM.xml /Users/p3_dev/backup_jenkins/FULL-2022-05-08_12-00/hudson.plugins.git.GitTool.xml /Users/p3_dev/backup_jenkins/FULL-2022-05-08_12-00/hudson.plugins.gradle.Gradle.xml /Users/p3_dev/backup_jenkins/FULL-2022-05-08_12-00/hudson.plugins.throttleconcurrents.ThrottleJobProperty.xml /Users/p3_dev/backup_jenkins/FULL-2022-05-08_12-00/hudson.plugins.timestamper.TimestamperConfig.xml /Users/p3_dev/backup_jenkins/FULL-2022-05-08_12-00/hudson.tasks.Ant.xml /Users/p3_dev/backup_jenkins/FULL-2022-05-08_12-00/hudson.tasks.Mailer.xml /Users/p3_dev/backup_jenkins/FULL-2022-05-08_12-00/hudson.tasks.Maven.xml /Users/p3_dev/backup_jenkins/FULL-2022-05-08_12-00/hudson.tasks.Shell.xml /Users/p3_dev/backup_jenkins/FULL-2022-05-08_12-00/hudson.triggers.SCMTrigger.xml /Users/p3_dev/backup_jenkins/FULL-2022-05-08_12-00/installedPlugins.xml /Users/p3_dev/backup_jenkins/FULL-2022-05-08_12-00/io.jenkins.plugins.junit.storage.JunitTestResultStorageConfiguration.xml /Users/p3_dev/backup_jenkins/FULL-2022-05-08_12-00/jenkins.fingerprints.GlobalFingerprintConfiguration.xml /Users/p3_dev/backup_jenkins/FULL-2022-05-08_12-00/jenkins.model.ArtifactManagerConfiguration.xml /Users/p3_dev/backup_jenkins/FULL-2022-05-08_12-00/jenkins.model.GlobalBuildDiscarderConfiguration.xml /Users/p3_dev/backup_jenkins/FULL-2022-05-08_12-00/jenkins.model.JenkinsLocationConfiguration.xml /Users/p3_dev/backup_jenkins/FULL-2022-05-08_12-00/jenkins.mvn.GlobalMavenConfig.xml /Users/p3_dev/backup_jenkins/FULL-2022-05-08_12-00/jenkins.plugins.slack.SlackNotifier.xml /Users/p3_dev/backup_jenkins/FULL-2022-05-08_12-00/jenkins.security.QueueItemAuthenticatorConfiguration.xml /Users/p3_dev/backup_jenkins/FULL-2022-05-08_12-00/jenkins.security.ResourceDomainConfiguration.xml /Users/p3_dev/backup_jenkins/FULL-2022-05-08_12-00/jenkins.security.UpdateSiteWarningsConfiguration.xml /Users/p3_dev/backup_jenkins/FULL-2022-05-08_12-00/jenkins.security.apitoken.ApiTokenPropertyConfiguration.xml /Users/p3_dev/backup_jenkins/FULL-2022-05-08_12-00/jenkins.tasks.filters.EnvVarsFilterGlobalConfiguration.xml /Users/p3_dev/backup_jenkins/FULL-2022-05-08_12-00/jenkins.telemetry.Correlator.xml /Users/p3_dev/backup_jenkins/FULL-2022-05-08_12-00/jobConfigHistory.xml /Users/p3_dev/backup_jenkins/FULL-2022-05-08_12-00/jobs /Users/p3_dev/backup_jenkins/FULL-2022-05-08_12-00/nodeMonitors.xml /Users/p3_dev/backup_jenkins/FULL-2022-05-08_12-00/nodes /Users/p3_dev/backup_jenkins/FULL-2022-05-08_12-00/org.codefirst.SimpleThemeDecorator.xml /Users/p3_dev/backup_jenkins/FULL-2022-05-08_12-00/org.jenkins.plugins.lockableresources.LockableResourcesManager.xml /Users/p3_dev/backup_jenkins/FULL-2022-05-08_12-00/org.jenkinsci.plugins.builduser.BuildUserVarsConfig.xml /Users/p3_dev/backup_jenkins/FULL-2022-05-08_12-00/org.jenkinsci.plugins.gitclient.JGitApacheTool.xml /Users/p3_dev/backup_jenkins/FULL-2022-05-08_12-00/org.jenkinsci.plugins.gitclient.JGitTool.xml /Users/p3_dev/backup_jenkins/FULL-2022-05-08_12-00/org.jenkinsci.plugins.github_branch_source.GitHubConfiguration.xml /Users/p3_dev/backup_jenkins/FULL-2022-05-08_12-00/org.jenkinsci.plugins.pipelineConfigHistory.model.PipelineConfigHistoryGlobalConfiguration.xml /Users/p3_dev/backup_jenkins/FULL-2022-05-08_12-00/org.jenkinsci.plugins.resourcedisposer.AsyncResourceDisposer.xml /Users/p3_dev/backup_jenkins/FULL-2022-05-08_12-00/org.jenkinsci.plugins.unity3d.Unity3dBuilder.xml /Users/p3_dev/backup_jenkins/FULL-2022-05-08_12-00/org.jenkinsci.plugins.workflow.flow.FlowExecutionList.xml /Users/p3_dev/backup_jenkins/FULL-2022-05-08_12-00/org.jenkinsci.plugins.workflow.flow.GlobalDefaultFlowDurabilityLevel.xml /Users/p3_dev/backup_jenkins/FULL-2022-05-08_12-00/org.jenkinsci.plugins.workflow.libs.GlobalLibraries.xml /Users/p3_dev/backup_jenkins/FULL-2022-05-08_12-00/queue.xml /Users/p3_dev/backup_jenkins/FULL-2022-05-08_12-00/scriptApproval.xml /Users/p3_dev/backup_jenkins/FULL-2022-05-08_12-00/thinBackup.xml /Users/p3_dev/backup_jenkins/FULL-2022-05-08_12-00/users /Users/p3_dev/.jenkins/workspace/push_git_jenkins_backup/backup/buildmachine-1/
[2022-05-23T02:13:01.722Z] [8mha:////4CrLQF/4Ka0qIWHYAb5lCrCpTQLnkfv5c2D98QO2y+2VAAAApR+LCAAAAAAAAP9tjTsOwjAQRDdBFLSUHGIj8alQKlrLDScwiTFOrN1gOzgVJ+Jq3AGLSFRMMZo3zXu9YRk81OwNdpp6S6GxOLjR5IWJfX91nLDjCzZMgZ1GqZPkVp9mlBw1zClKWAhYaWocB0smwlp06qEqp8hU5+jzdxRQ2vYOTyhENkfl4xcmD5vb2Aamn+evAKZhiFDu9rm2hw/KU6NBvgAAAA==[0m[Pipeline] }
[2022-05-23T02:13:01.831Z] [8mha:////4GzP23MkAkZO9pf+jNvPMKAHYWGv2Ioo9oUSmpy9JqNIAAAApR+LCAAAAAAAAP9tjTsOwjAQRDdBFLSUHGIj8alQKlrLDScwiTFOrN1gOzgVJ+Jq3AGLSFRMMZo3zXu9YRk81OwNdpp6S6GxOLjR5IWJfX91nLDjCzZMgZ1GqZPkVp9mlBw1zClKWAhYaWocB0smwlp06qEqp8hU5+jzdxRQ2vYOTyhENkfl4xcmD5vb2Aamn+evAKZhiFDuDrm2+w/5sPj9vgAAAA==[0m[Pipeline] // script
[2022-05-23T02:13:01.907Z] [8mha:////4JB+amsfMfM53nYiDaAqAsSXMwoMYMjXDbNZOeiDTgpkAAAApR+LCAAAAAAAAP9tjTEOwjAQBC9BFLSUPMKRiESDqNJaaXiBiQ/jxLoztkNS8SK+xh+wiETFFqudbeb1hnUMcOJgRI80WIqdFd6NJi8xcRiujifR80V0TJEdihanljU2C7acEJYUJawkbJA6x9GSSbCVvXqoyiky1TmF/B0llFbf4QmFzOakQvrCHGB3G3Vk+nn+CmD2PkFZH3Lt6w/0VwjlvgAAAA==[0m[Pipeline] }
[2022-05-23T02:13:01.997Z] [8mha:////4IWuG+8M1No4Cj9SiBjG8i120j8Q/FZaZIyPq/whFRSSAAAApR+LCAAAAAAAAP9tjTEOwjAQBC9BFLSUPOIihYICUaW10vACExvjxLoztkNS8SK+xh+wiETFFqudbeb1hnUMcOJgsNc0WIqdRe9GkxdOHIar4wl7vmDHFNlpbPXUstLNgi0nDUuKElYCNpo6x9GSSbAVvXzIykky1TmF/B0FlFbd4QmFyOYkQ/rCHGB3G1Vk+nn+CmD2PkG5P+Sq6w/HtFNZvgAAAA==[0m[Pipeline] // stage
[2022-05-23T02:13:02.084Z] [8mha:////4D3TyWtQZ2f9A0N8iFMs3m5IISLnYxOsZn4f23eVQwUpAAAAqB+LCAAAAAAAAP9tjTEOwjAUQ3+LOrAycohUFQsSYuoadeEEoQkhafR/SVLSiRNxNe5AoBITHizbkvWeL6iChyN5zazCwWDoDRvdpHNiifxwcZSYpTPrCQM5xTqVOpKqXWpHUcGiooQVh7XC3lEwqCNsuBV3UTuBuj5Fn7cDh9LIGzyg4JkchY/fMnvYXicZCH+cvwCYxwhl02Tb7T/P6g0gPq6twgAAAA==[0m[Pipeline] stage
[2022-05-23T02:13:02.112Z] [8mha:////4Jbl0DXDRINnKm5I6XUQTS+3/ChKZQbS5aeGa0I1K0PNAAAApx+LCAAAAAAAAP9tjTEOwjAUQ3+LOrAycoh0YAEhpq5RFk4QmhDSRv+Xn5R24kRcjTvQUokJD5ZtyXqvNxSR4UTsRGOx9RhrL7rQuymJgbi9BhpEQxdRE0YKVig7KDK2WqqiZGFRlsNKwtpiHSh6dAk2stEPXQaNrjwnnrajhNybOzwhkxM5aU7fMjJsb72JhD/OXwCMXYJ8t5/tMD+LD59NhPHCAAAA[0m[Pipeline] { (gitへのコミット)
[2022-05-23T02:13:02.207Z] [8mha:////4AJ4QRXzrRfKxwrk1Vpz1ENNpS3FvoNa46H98Lu5klB8AAAAqB+LCAAAAAAAAP9tjTEOwjAUQ3+LOrAycogUCRaEOrFGXThBaEJIGv1fkpR04kRcjTsQqMSEB8u2ZL3nC6rgoSGvmVXYGwydYYMbdU4ske8vjhKzdGYdYSCnWKtSS1Id59pSVDCrKGHBYamwcxQM6ggrbsVd1E6grk/R5+3AoTTyBg8oeCZH4eO3TB7W11EGwh/nLwCmIUK53WfbbT7P6g0Z/aLSwgAAAA==[0m[Pipeline] script
[2022-05-23T02:13:02.237Z] [8mha:////4PGfLh7zoUzL+7EHMheXwLNereGEBsjeo0ZL6mxs8Y4xAAAApx+LCAAAAAAAAP9tjTEOwjAUQ3+LOrAycogUJDbE1DXKwglCE0La6P/yk9JOnIircQdaKjHhwbItWe/1hiIynIidaCy2HmPtRRd6NyUxELfXQINo6CJqwkjBCmUHRcZWS1WULCzKclhJWFusA0WPLsFGNvqhy6DRlefE03aUkHtzhydkciInzelbRobtrTeR8Mf5C4CxS5AfdrPt52fxAbb5KxbCAAAA[0m[Pipeline] {
[2022-05-23T02:13:02.335Z] [8mha:////4GCWwFcsepplke/B41jmxzkDtSkR3GuMRg0EIflRzGlmAAAApB+LCAAAAAAAAP9tjTEOwjAQBC9BFLSUPOIiEB2iSmu54QUmNsaJdWdsh6TiRXyNPxCIRMUWq51t5vmCZYpw5GixNdQ5So3D4Hs7LRw4dhfPA7Z8xoYpsTcozSBZm3pGydnAnKKEhYCVocZzcmQzrEWr7qryimx1ynH6DgJKp2/wgEJM5qxi/sIYYXPtdWL6ef4KYAwZyv32U7vwBirOQHu+AAAA[0m[Pipeline] sh
[2022-05-23T02:13:02.625Z] + echo 'git add -A'
[2022-05-23T02:13:02.625Z] git add -A
[2022-05-23T02:13:02.625Z] + git add -A .
[2022-05-23T02:13:02.876Z] + echo 'git commit -m [chore][jenkins]定期バックアップ jenkins by buildmachine-1'
[2022-05-23T02:13:02.876Z] git commit -m [chore][jenkins]定期バックアップ jenkins by buildmachine-1
[2022-05-23T02:13:02.876Z] + git commit -m '[chore][jenkins]定期バックアップ jenkins by buildmachine-1'
[2022-05-23T02:13:03.173Z] On branch master
[2022-05-23T02:13:03.173Z] nothing to commit, working tree clean
[2022-05-23T02:13:03.243Z] [8mha:////4EE2d7BMFSBRqgV+IqX1FXdbKCjGSwM1exrasF5fK6vAAAAApB+LCAAAAAAAAP9tjTEOwjAQBC9BFLSUPOIiBB2iSmu54QUmNsaJdWdsh6TiRXyNPxCIRMUWq51t5vmCZYpw5GixNdQ5So3D4Hs7LRw4dhfPA7Z8xoYpsTcozSBZm3pGydnAnKKEhYCVocZzcmQzrEWr7qryimx1ynH6DgJKp2/wgEJM5qxi/sIYYXPtdWL6ef4KYAwhQ7nffWr7BmM+Nsi+AAAA[0m[Pipeline] }
[2022-05-23T02:13:03.319Z] [8mha:////4Hm4TixMyyQek9JztA1aovDxLY5P0nJ8Xeu4TWLBqb3xAAAAox+LCAAAAAAAAP9tjTEOwjAQBC9BFLSUPOJCkQ5R0VppeIFJjLFj3Tm2g1PxIr7GHwhEomKL1c4283zBOgY4ctBoFfWGYmvQu1HPCzOH/uo4o+ULtkyRncJG5YY7dVqw4aRgSVHCSsBGUes4GtIJtsLKu6ycJF2dU5i/g4DSdAM8oBCzOcmQvjAF2N3GLjL9PH8FMHmfoKzrT+3fTT40or4AAAA=[0m[Pipeline] // script
[2022-05-23T02:13:03.397Z] [8mha:////4LYEbfE3gdjjOW6PS3rHK3UVo1+F8NVzuJOKtl8teZ0qAAAApR+LCAAAAAAAAP9tjTEOwjAQBC9BFLSUPOJSAAVCqWgtN7zAJMY4se6C7eBUvIiv8QcsIlGxxWpnm3m9YRk81OwNdpp6S6GxOLjR5IWJfX91nLDjCzZMgZ1GqZPkVp9mlBw1zClKWAhYaWocB0smwlp06qEqp8hU5+jzdxRQ2vYOTyhENkfl4xcmD5vb2Aamn+evAKZhiFDu9rm2hw+Lw/VfvgAAAA==[0m[Pipeline] }
[2022-05-23T02:13:03.481Z] [8mha:////4KzPCFj8AocwNwLHPkjpko/YN9BwvbEtRF0LFhHjgm0eAAAAph+LCAAAAAAAAP9tjTEOwjAQBC9BFLSUPOJSgBASSkVrueEFJjHGiXUXbAen4kV8jT9gEYmKLVY728zrDcvgoWZvsNPUWwqNxcGNJi9M7Pur44QdX7BhCuw0Sp0kt/o0o+SoYU5RwkLASlPjOFgyEdaiUw9VOUWmOkefv6OA0rZ3eEIhsjkqH78wedjcxjYw/Tx/BTANQ4Ryt8+1PXwAs4Fmrr4AAAA=[0m[Pipeline] // stage
[2022-05-23T02:13:03.599Z] [8mha:////4FG9OGP06XwsPLD5+/ugFKf9R0szYHDfCXJDotBAQozzAAAAqB+LCAAAAAAAAP9tjTEOwjAUQ3+LOrAycohUlZAYEFPXqAsnCE0ISaP/S5KSTpyIq3EHApWY8GDZlqz3fEEVPBzJa2YVDgZDb9joJp0TS+SHi6PELJ1ZTxjIKdap1JFU7VI7igoWFSWsOKwV9o6CQR1hw624i9oJ1PUp+rwdOJRG3uABBc/kKHz8ltnD9jrJQPjj/AXAPEYomybbbv95Vm97sl+ZwgAAAA==[0m[Pipeline] stage
[2022-05-23T02:13:03.623Z] [8mha:////4Ip99qSTTyge7x5Ey+v2+Krzy4BCWF9GvhAE5symj9OXAAAAqB+LCAAAAAAAAP9tjTEOwjAUQ3+LOrAycoh0QQIJMXWNsnCC0ISQNvq//KS0EyfiatyBlkpMeLBsS9Z7vaGIDCdiJxqLrcdYe9GF3k1JDMTtNdAgGrqImjBSsELZQZGx1VIVJQuLshxWEtYW60DRo0uwkY1+6DJodOU58bQdJeTe3OEJmZzISXP6lpFhe+tNJPxx/gJg7BLku/1sh/lZfAD9vR8YwgAAAA==[0m[Pipeline] { (git push)
[2022-05-23T02:13:03.708Z] [8mha:////4O47aFpAyX1mpPsdf5yDtdJ4AnslJUYEGDz8E0hwVygsAAAApx+LCAAAAAAAAP9tjTEOwjAUQ3+LOrAycoh0YQAhpq5RFk4QmhDSRv+Xn5R24kRcjTvQUokJD5ZtyXqvNxSR4UTsRGOx9RhrL7rQuymJgbi9BhpEQxdRE0YKVig7KDK2WqqiZGFRlsNKwtpiHSh6dAk2stEPXQaNrjwnnrajhNybOzwhkxM5aU7fMjJsb72JhD/OXwCMXYJ8t5/tMD+LD56au0DCAAAA[0m[Pipeline] script
[2022-05-23T02:13:03.739Z] [8mha:////4GaTI+wAKkJuzooog0yYI7Lw54t2q87UgiUQrYBvC9EPAAAAqB+LCAAAAAAAAP9tjTEOwjAUQ3+LOrAycoiUAQaEOrFGXThBaEJIGv1fkpR04kRcjTsQqMSEB8u2ZL3nC6rgoSGvmVXYGwydYYMbdU4ske8vjhKzdGYdYSCnWKtSS1Id59pSVDCrKGHBYamwcxQM6ggrbsVd1E6grk/R5+3AoTTyBg8oeCZH4eO3TB7W11EGwh/nLwCmIUK53WfbbT7P6g0iH00AwgAAAA==[0m[Pipeline] {
[2022-05-23T02:13:03.826Z] [8mha:////4FO3oOYu4MLwDAFFw9DV9fJ+tqyTiW4PV4W8VApWVNcCAAAApx+LCAAAAAAAAP9tjTEOwjAUQ3+LOrAycogUBibE1DXKwglCE0La6P/yk9JOnIircQdaKjHhwbItWe/1hiIynIidaCy2HmPtRRd6NyUxELfXQINo6CJqwkjBCmUHRcZWS1WULCzKclhJWFusA0WPLsFGNvqhy6DRlefE03aUkHtzhydkciInzelbRobtrTeR8Mf5C4CxS5AfdrPt52fxAW2++SvCAAAA[0m[Pipeline] sshagent
[2022-05-23T02:13:03.834Z] FATAL: [ssh-agent] Could not find specified credentials
[2022-05-23T02:13:03.837Z] [ssh-agent] Looking for ssh-agent implementation...
[2022-05-23T02:13:03.900Z] [ssh-agent]   Exec ssh-agent (binary ssh-agent on a remote machine)
[2022-05-23T02:13:03.908Z] $ ssh-agent
[2022-05-23T02:13:03.914Z] SSH_AUTH_SOCK=/var/folders/n2/xbp1wc7135s2nzzjwzzd94940000gp/T//ssh-pL2yInpM0Pwg/agent.1296
[2022-05-23T02:13:03.914Z] SSH_AGENT_PID=1297
[2022-05-23T02:13:03.914Z] [ssh-agent] Started.
[2022-05-23T02:13:03.940Z] [8mha:////4INBc5n4h5xyH/Um4ym3chfDOYeamiXVfNi6b6wMssUfAAAApx+LCAAAAAAAAP9tjTEOwjAUQ3+LOrAycohUIDEhpq5RFk4QmhDSRv+Xn5R24kRcjTvQUokJD5ZtyXqvNxSR4UTsRGOx9RhrL7rQuymJgbi9BhpEQxdRE0YKVig7KDK2WqqiZGFRlsNKwtpiHSh6dAk2stEPXQaNrjwnnrajhNybOzwhkxM5aU7fMjJsb72JhD/OXwCMXYL8sJttPz+LDwMT42zCAAAA[0m[Pipeline] {
[2022-05-23T02:13:04.129Z] [8mha:////4CRfT3QTm+FFZ16Kjiw19eZ8ECRPuSxSFUyGdm3nyggYAAAApB+LCAAAAAAAAP9tjTEOwjAQBC9BFLSUPOIigagQVVrLDS8wsTFOrDtjOyQVL+Jr/IFAJCq2WO1sM88XLFOEI0eLraHOUWocBt/baeHAsbt4HrDlMzZMib1BaQbJ2tQzSs4G5hQlLASsDDWekyObYS1adVeVV2SrU47TdxBQOn2DBxRiMmcV8xfGCJtrrxPTz/NXAGPIUO63n9qFN1+P256+AAAA[0m[Pipeline] sh
[2022-05-23T02:13:04.467Z] + git push -u origin master
[2022-05-23T02:13:05.020Z] Everything up-to-date
[2022-05-23T02:13:05.020Z] Branch 'master' set up to track remote branch 'master' from 'origin'.
[2022-05-23T02:13:05.052Z] [8mha:////4LG9PTDARufGFCG4JrMSJdakT2lPFY/9DBPy+dqsds+AAAAApB+LCAAAAAAAAP9tjTEOwjAQBC9BFLSUPOIiIagQVVrLDS8wsTFOrDtjOyQVL+Jr/IFAJCq2WO1sM88XLFOEI0eLraHOUWocBt/baeHAsbt4HrDlMzZMib1BaQbJ2tQzSs4G5hQlLASsDDWekyObYS1adVeVV2SrU47TdxBQOn2DBxRiMmcV8xfGCJtrrxPTz/NXAGMIGcr97lPbN5RlVvO+AAAA[0m[Pipeline] }
[2022-05-23T02:13:05.053Z] $ ssh-agent -k
[2022-05-23T02:13:05.060Z] unset SSH_AUTH_SOCK;
[2022-05-23T02:13:05.060Z] unset SSH_AGENT_PID;
[2022-05-23T02:13:05.060Z] echo Agent pid 1297 killed;
[2022-05-23T02:13:05.061Z] [ssh-agent] Stopped.
[2022-05-23T02:13:05.126Z] [8mha:////4HtdIOkyl5sNLnZ1p1K3CeGPNLe++zkYeth3BYtxNPqhAAAApB+LCAAAAAAAAP9tjTEOwjAQBC9BFLSUPOIiilSIitZKwwtMYowd686xHZyKF/E1/kAgEhVbrHa2mecL1jHAkYNGq6g3FFuD3o16Xpg59FfHGS1fsGWK7BQ2KjfcqdOCDScFS4oSVgI2ilrH0ZBOsBVW3mXlJOnqnML8HQSUphvgAYWYzUmG9IUpwO42dpHp5/krgMn7BGVdf2r/BovnA6G+AAAA[0m[Pipeline] // sshagent
[2022-05-23T02:13:05.168Z] [8mha:////4NpC2c6k+/efGaOXVdAHt0GX6o0Ke90qvwsNGi8/9sp2AAAApB+LCAAAAAAAAP9tjTEOwjAQBC9BFLSUPOJCAw2iSmu54QUmNsaJdWdsh6TiRXyNPxCIRMUWq51t5vmCZYpw5GixNdQ5So3D4Hs7LRw4dhfPA7Z8xoYpsTcozSBZm3pGydnAnKKEhYCVocZzcmQzrEWr7qryimx1ynH6DgJKp2/wgEJM5qxi/sIYYXPtdWL6ef4KYAwhQ7nbf2r7BrOlkFC+AAAA[0m[Pipeline] }
[2022-05-23T02:13:05.235Z] [8mha:////4EW0rhucvsEYC9bZY8hhwZetDQdAe0bR4e9pHDTpuw8qAAAApR+LCAAAAAAAAP9tjTEOwjAQBC9BFLSUPOLSgBBCqWgtN7zAJMY4se6C7eBUvIiv8QcsIlGxxWpnm3m9YRk81OwNdpp6S6GxOLjR5IWJfX91nLDjCzZMgZ1GqZPkVp9mlBw1zClKWAhYaWocB0smwlp06qEqp8hU5+jzdxRQ2vYOTyhENkfl4xcmD5vb2Aamn+evAKZhiFDu9rm2hw/z/wv7vgAAAA==[0m[Pipeline] // script
[2022-05-23T02:13:05.301Z] [8mha:////4OZ1m+SLbTL/0Uu1Cc48xO0KjI6LUnAKwzLOUXFlHhnVAAAApR+LCAAAAAAAAP9tjTEOwjAQBC9BFLSUPOLSgBQJUaW10vACExvjxLoztkNS8SK+xh+wiETFFqudbeb1hnUMcOJgsNc0WIqdRe9GkxdOHIar4wl7vmDHFNlpbPXUstLNgi0nDUuKElYCNpo6x9GSSbAVvXzIykky1TmF/B0FlFbd4QmFyOYkQ/rCHGB3G1Vk+nn+CmD2PkF5qHPt6w+wfVp9vgAAAA==[0m[Pipeline] }
[2022-05-23T02:13:05.383Z] [8mha:////4GwkmGUh28q84Uurc7QZGDAxEhAz7T4pMN7Pa7eon2D3AAAApR+LCAAAAAAAAP9tjTEOwjAQBC9BFLSUPOLSgBBCqWgtN7zAJMY4se6C7eBUvIiv8QcsIlGxxWpnm3m9YRk81OwNdpp6S6GxOLjR5IWJfX91nLDjCzZMgZ1GqZPkVp9mlBw1zClKWAhYaWocB0smwlp06qEqp8hU5+jzdxRQ2vYOTyhENkfl4xcmD5vb2Aamn+evAKZhiFDuDrm2+w+Es7kmvgAAAA==[0m[Pipeline] // stage
[2022-05-23T02:13:05.440Z] [8mha:////4O4n2mgwonuhYLhR2V3zTfPsb+yDiW/tcmBK2zIF3krNAAAApB+LCAAAAAAAAP9tjTEOwjAQBC9BFLSUPMIhDQ2iSmul4QUmPowT687YDknFi/gaf8AiEhVbrHa2mdcb1jHAiYMRPdJgKXZWeDeavMTEYbg6nkTPF9ExRXYoWpxa1tgs2HJCWFKUsJKwQeocR0smwVb26qEqp8hU5xTyd5RQWn2HJxQym5MK6QtzgN1t1JHp5/krgNn7BOVhn6uuP6GpSqS+AAAA[0m[Pipeline] }
[2022-05-23T02:13:05.517Z] [8mha:////4Jmd25veMPM5oUEHT9JF96ta9g1uCjOt7TaDAK7nRQ5vAAAApB+LCAAAAAAAAP9tjTEOwjAQBC9BFLSUPMIhDQ2iSmul4QUmPowT687YDknFi/gaf8AiEhVbrHa2mdcb1jHAiYMRPdJgKXZWeDeavMTEYbg6nkTPF9ExRXYoWpxa1tgs2HJCWFKUsJKwQeocR0smwVb26qEqp8hU5xTyd5RQWn2HJxQym5MK6QtzgN1t1JHp5/krgNn7BOWhzlXvP5JKERi+AAAA[0m[Pipeline] // withEnv
[2022-05-23T02:13:05.575Z] [8mha:////4HgpqvtTDF22DzU+6eJ4QUPti98gYhMAteYFWpNp5mY0AAAApB+LCAAAAAAAAP9tjTEOwjAQBDdBFLSUPMKREKJBVLRWGl5gEmOcWHfBvpBUvIiv8QciIlGx1c4083pjmSKOHJ1qLLWeUuVVF3o3PTVwbK+BB9XwRVVMiYNVpR1Kru1pxpLFYl6WY6GxslQFTp6cYK0b8zBFMOSKs8TJHTRyX9/xRKanspgoXxgjNre+Tky/zt8Axq4T5PutINt9AF1IgLW9AAAA[0m[Pipeline] }
[2022-05-23T02:13:05.648Z] [8mha:////4NEFVUkSWYHQ+WfV0AE7aVG226mNM1BbVcsKzo6O+Wc5AAAAox+LCAAAAAAAAP9tjbEOgjAURS8YB1dHP6IMJC7GybVh8Qsq1Fpo3sP2IUx+kb/mP0gkcfJO95zlvN5Yp4gjR6daS52nVHvVh8HNT40cu2vgUbV8UTVT4mBVZceKG3tasGKxWJblWGlsLNWBkycn2OrWPEwRDLniLHF2B43cN3c8kem5LCbKF6aI3W1oEtOv8zeAqe8F+b4UZOUHTvSEFr0AAAA=[0m[Pipeline] // node
[2022-05-23T02:13:05.755Z] [8mha:////4Iy4zaKPCCZvIPmLcnhUNYomngJ6t6oSEuUNevtnM1aKAAAApB+LCAAAAAAAAP9tjTEOwjAQBDdBFLSUPMKREKJBVLRWGl5gEmOcWHfBvpBUvIiv8QciIlGx1c4083pjmSKOHJ1qLLWeUuVVF3o3PTVwbK+BB9XwRVVMiYNVpR1Kru1pxpLFYl6WY6GxslQFTp6cYK0b8zBFMOSKs8TJHTRyX9/xRKanspgoXxgjNre+Tky/zt8Axq4T5PudINt+AMgYo9O9AAAA[0m[Pipeline] End of Pipeline
[2022-05-23T02:13:05.880Z] Finished: SUCCESS
